// Vitest Snapshot v1, https://vitest.dev/guide/snapshot.html

exports[`Avatar > should render 1`] = `
<DocumentFragment>
  <div
    class="sc-blHHSb jRwtSY"
  >
    <img
      alt="shimosawa profile image"
      data-nimg="fill"
      decoding="async"
      loading="lazy"
      sizes="100vw"
      src="/_next/image?url=%2Fimages%2Fshimosawa.png&w=3840&q=75"
      srcset="/_next/image?url=%2Fimages%2Fshimosawa.png&w=640&q=75 640w, /_next/image?url=%2Fimages%2Fshimosawa.png&w=750&q=75 750w, /_next/image?url=%2Fimages%2Fshimosawa.png&w=828&q=75 828w, /_next/image?url=%2Fimages%2Fshimosawa.png&w=1080&q=75 1080w, /_next/image?url=%2Fimages%2Fshimosawa.png&w=1200&q=75 1200w, /_next/image?url=%2Fimages%2Fshimosawa.png&w=1920&q=75 1920w, /_next/image?url=%2Fimages%2Fshimosawa.png&w=2048&q=75 2048w, /_next/image?url=%2Fimages%2Fshimosawa.png&w=3840&q=75 3840w"
      style="position: absolute; height: 100%; width: 100%; left: 0px; top: 0px; right: 0px; bottom: 0px; color: transparent;"
    />
  </div>
</DocumentFragment>
`;
